../Core/Src/freertos.c:147:6:MX_FREERTOS_Init	8	static
../Core/Src/freertos.c:215:6:StartDefaultTask	16	static
../Core/Src/freertos.c:232:6:Task2_init	16	static
../Core/Src/freertos.c:252:6:Task_1khz_init	16	static
../Core/Src/freertos.c:262:6:Task_100Hz_init	16	static
../Core/Src/freertos.c:273:6:Task_50Hz_init	16	static
../Core/Src/freertos.c:282:6:Task_1000Hz_init	16	static
../Core/Src/freertos.c:292:6:InitTask	16	static
../Core/Src/freertos.c:326:6:LedTask	16	static
../Core/Src/freertos.c:346:6:AircraftLightsTask	16	static
