../Drivers/STM32H7xx_HAL_Driver/Inc/stm32h7xx_ll_usart.h:2950:26:LL_USART_IsActiveFlag_FE	16	static
../Drivers/STM32H7xx_HAL_Driver/Inc/stm32h7xx_ll_usart.h:2972:26:LL_USART_IsActiveFlag_ORE	16	static
../Drivers/STM32H7xx_HAL_Driver/Inc/stm32h7xx_ll_usart.h:3009:26:LL_USART_IsActiveFlag_TC	16	static
../Drivers/STM32H7xx_HAL_Driver/Inc/stm32h7xx_ll_usart.h:3024:26:LL_USART_IsActiveFlag_TXE_TXFNF	16	static
../Drivers/STM32H7xx_HAL_Driver/Inc/stm32h7xx_ll_usart.h:3290:22:LL_USART_ClearFlag_FE	16	static
../Drivers/STM32H7xx_HAL_Driver/Inc/stm32h7xx_ll_usart.h:3312:22:LL_USART_ClearFlag_ORE	16	static
../Drivers/STM32H7xx_HAL_Driver/Inc/stm32h7xx_ll_usart.h:3479:22:LL_USART_EnableIT_RXNE_RXFNE	40	static,ignoring_inline_asm
../Drivers/STM32H7xx_HAL_Driver/Inc/stm32h7xx_ll_usart.h:4275:22:LL_USART_TransmitData8	16	static
../Drivers/STM32H7xx_HAL_Driver/Inc/stm32h7xx_ll_gpio.h:942:22:LL_GPIO_TogglePin	24	static
../Core/Src/main.c:53:5:_write	32	static
../Core/Src/main.c:169:5:main	24	static
../Core/Src/main.c:323:6:SystemClock_Config	120	static
../Core/Src/main.c:379:6:send_deftask	8	static
../Core/Src/main.c:385:6:send_task2	4	static
../Core/Src/main.c:390:6:send_task3	8	static
../Core/Src/main.c:396:6:run_imu	24	static
../Core/Src/main.c:469:6:run_mag	40	static
../Core/Src/main.c:482:6:sensor_init	16	static
../Core/Src/main.c:502:6:system_startup	8	static
../Core/Src/main.c:530:6:eeprom_startup	368	static
../Core/Src/main.c:658:5:Is_iBus_Throttle_Min	8	static
../Core/Src/main.c:670:6:mixer_run	8	static
../Core/Src/main.c:734:6:FSiA6B_Print	56	static
../Core/Src/main.c:739:6:FailSafe_1000Hz	4	static
../Core/Src/main.c:747:5:Is_iBus_Throttle_Armed	8	static
../Core/Src/main.c:759:6:ESC_Calibration	8	static
../Core/Src/main.c:772:5:Is_iBus_Received	8	static
../Core/Src/main.c:783:6:fusion	8	static
../Core/Src/main.c:793:6:HAL_UART_RxCpltCallback	16	static
../Core/Src/main.c:799:6:check_command_timeout	16	static
../Core/Src/main.c:812:6:cmd_mode_check	32	static
../Core/Src/main.c:861:6:MPU_Config	24	static
../Core/Src/main.c:896:6:HAL_TIM_PeriodElapsedCallback	16	static
../Core/Src/main.c:914:6:Error_Handler	4	static,ignoring_inline_asm
