../Drivers/STM32H7xx_HAL_Driver/Inc/stm32h7xx_ll_usart.h:2950:26:LL_USART_IsActiveFlag_FE	16	static
../Drivers/STM32H7xx_HAL_Driver/Inc/stm32h7xx_ll_usart.h:2961:26:LL_USART_IsActiveFlag_NE	16	static
../Drivers/STM32H7xx_HAL_Driver/Inc/stm32h7xx_ll_usart.h:2972:26:LL_USART_IsActiveFlag_ORE	16	static
../Drivers/STM32H7xx_HAL_Driver/Inc/stm32h7xx_ll_usart.h:2998:26:LL_USART_IsActiveFlag_RXNE_RXFNE	16	static
../Drivers/STM32H7xx_HAL_Driver/Inc/stm32h7xx_ll_usart.h:3290:22:LL_USART_ClearFlag_FE	16	static
../Drivers/STM32H7xx_HAL_Driver/Inc/stm32h7xx_ll_usart.h:3301:22:LL_USART_ClearFlag_NE	16	static
../Drivers/STM32H7xx_HAL_Driver/Inc/stm32h7xx_ll_usart.h:3312:22:LL_USART_ClearFlag_ORE	16	static
../Drivers/STM32H7xx_HAL_Driver/Inc/stm32h7xx_ll_usart.h:4252:25:LL_USART_ReceiveData8	16	static
../Core/Src/stm32h7xx_it.c:119:6:NMI_Handler	4	static
../Core/Src/stm32h7xx_it.c:134:6:HardFault_Handler	4	static
../Core/Src/stm32h7xx_it.c:149:6:MemManage_Handler	4	static
../Core/Src/stm32h7xx_it.c:164:6:BusFault_Handler	4	static
../Core/Src/stm32h7xx_it.c:179:6:UsageFault_Handler	4	static
../Core/Src/stm32h7xx_it.c:194:6:DebugMon_Handler	4	static
../Core/Src/stm32h7xx_it.c:214:6:DMA1_Stream0_IRQHandler	8	static
../Core/Src/stm32h7xx_it.c:228:6:DMA1_Stream1_IRQHandler	8	static
../Core/Src/stm32h7xx_it.c:242:6:DMA1_Stream2_IRQHandler	4	static
../Core/Src/stm32h7xx_it.c:255:6:DMA1_Stream3_IRQHandler	4	static
../Core/Src/stm32h7xx_it.c:268:6:DMA1_Stream4_IRQHandler	8	static
../Core/Src/stm32h7xx_it.c:282:6:DMA1_Stream5_IRQHandler	8	static
../Core/Src/stm32h7xx_it.c:296:6:DMA1_Stream6_IRQHandler	8	static
../Core/Src/stm32h7xx_it.c:310:6:TIM1_UP_IRQHandler	8	static
../Core/Src/stm32h7xx_it.c:324:6:TIM3_IRQHandler	8	static
../Core/Src/stm32h7xx_it.c:338:6:I2C1_EV_IRQHandler	8	static
../Core/Src/stm32h7xx_it.c:352:6:I2C1_ER_IRQHandler	8	static
../Core/Src/stm32h7xx_it.c:366:6:I2C2_EV_IRQHandler	8	static
../Core/Src/stm32h7xx_it.c:380:6:I2C2_ER_IRQHandler	8	static
../Core/Src/stm32h7xx_it.c:394:6:DMA1_Stream7_IRQHandler	8	static
../Core/Src/stm32h7xx_it.c:408:6:SPI3_IRQHandler	4	static
../Core/Src/stm32h7xx_it.c:421:6:UART4_IRQHandler	8	static
../Core/Src/stm32h7xx_it.c:498:6:USART6_IRQHandler	16	static
../Core/Src/stm32h7xx_it.c:546:6:UART7_IRQHandler	8	static
../Core/Src/stm32h7xx_it.c:559:6:HAL_TIM_PWM_PulseFinishedCallback	16	static
