../Drivers/STM32H7xx_HAL_Driver/Inc/stm32h7xx_ll_tim.h:1703:22:LL_TIM_EnableARRPreload	16	static
../Drivers/STM32H7xx_HAL_Driver/Inc/stm32h7xx_ll_tim.h:2405:22:LL_TIM_OC_EnableFast	24	static
../Drivers/STM32H7xx_HAL_Driver/Inc/stm32h7xx_ll_tim.h:2483:22:LL_TIM_OC_EnablePreload	24	static
../Drivers/STM32H7xx_HAL_Driver/Inc/stm32h7xx_ll_tim.h:3302:22:LL_TIM_SetClockSource	16	static
../Drivers/STM32H7xx_HAL_Driver/Inc/stm32h7xx_ll_tim.h:3348:22:LL_TIM_SetTriggerOutput	16	static
../Drivers/STM32H7xx_HAL_Driver/Inc/stm32h7xx_ll_tim.h:3457:22:LL_TIM_DisableMasterSlaveMode	16	static
../Drivers/STM32H7xx_HAL_Driver/Inc/stm32h7xx_ll_bus.h:1384:22:LL_AHB4_GRP1_EnableClock	24	static
../Drivers/STM32H7xx_HAL_Driver/Inc/stm32h7xx_ll_bus.h:1862:22:LL_APB1_GRP1_EnableClock	24	static
../Core/Src/tim.c:33:6:MX_TIM2_Init	88	static
../Core/Src/tim.c:84:6:MX_TIM3_Init	64	static
../Core/Src/tim.c:142:6:MX_TIM5_Init	64	static
../Core/Src/tim.c:208:6:HAL_TIM_Base_MspInit	24	static
../Core/Src/tim.c:275:6:HAL_TIM_MspPostInit	48	static
../Core/Src/tim.c:335:6:HAL_TIM_Base_MspDeInit	16	static
